
Hexadecimal

Area                               Addr   Size   Decimal Bytes (Attributes)
--------------------------------   ----   ----   ------- ----- ------------
.  .ABS.                           0000   0000 =      0. bytes (ABS,CON)

      Value  Global
   --------  --------------------------------
     0000    l__CABS
     0000    l__CODE_1
     0000    l__GSFINAL
     0000    l__HEAP
     0000    l__HOME
     0000    l__LIT
     0000    l__OVERLAY
     0000    s__HEADER
     0001    l__GSINITTAIL
     005A    l__BSS
     015D    l__GSINIT
     01E3    l__HEADER
     0200    s__CODE
     0211    l__BASE
     03B7    l__DATA
     0889    l__CODE
     0A89    s__BASE
     0C9A    s__LIT
     4000    s__CODE_1
     4000    s__GSINIT
     415D    s__GSINITTAIL
     415E    s__GSFINAL
     C000    .OAM
     C0A0    s__DATA
     C457    s__BSS
     C4B1    s__CABS
     C4B1    s__HEAP
     C4B1    s__HOME
     C4B1    s__OVERLAY
     E000    .STACK
     FF80    .refresh_OAM

Hexadecimal

Area                               Addr   Size   Decimal Bytes (Attributes)
--------------------------------   ----   ----   ------- ----- ------------
_CODE                              0200   0889 =   2185. bytes (REL,CON)

      Value  Global
   --------  --------------------------------
     0210    .remove_VBL
     0216    .remove_LCD
     021C    .remove_TIM
     0222    .remove_SIO
     0228    .remove_JOY
     022E    .add_VBL
     0234    .add_LCD
     023A    .add_TIM
     0240    .add_SIO
     0246    .add_JOY
     024C    .remove_int
     026C    .add_int
     0288    .wait_vbl_done
     0288    _wait_vbl_done
     029F    .display_off
     029F    _display_off
     02C0    .serial_IO
     02EF    _mode
     02F8    _get_mode
     02FD    _disable_interrupts
     0306    _enable_interrupts
     0310    _set_interrupts
     031F    _remove_VBL
     032A    _remove_LCD
     0335    _remove_TIM
     0340    _remove_SIO
     034B    _remove_JOY
     0356    _add_VBL
     0361    _add_LCD
     036C    _add_TIM
     0377    _add_SIO
     0382    _add_JOY
     038D    banked_call
     03AE    banked_ret
     03BC    _f_DisplayMap
     042E    _main
     047D    _marisa_palette
     048D    _f_LoadSprites
     06B7    _f_MoveCharacter
     0827    _game_init
     0842    _interrupt_init
     0864    _timer_interrupt
     087F    _area_tiles_palette
     08A7    _set_bkg_palette_entry
     08CF    _set_sprite_palette_entry
     08F7    _cpu_slow
     0912    _cpu_fast
     0919    _cgb_compatibility
     0962    __initrleblock
     0989    __divschar_rrx_s
     0990    __divschar_rrx_hds
     0997    __modschar_rrx_s
     099E    __modschar_rrx_hds
     09A3    __divsint_rrx_s
     09AF    __divsint_rrx_hds
     09B7    __modsint_rrx_s
     09C3    __modsint_rrx_hds
     09C9    __divuchar_rrx_s
     09C9    __divuschar_rrx_s
     09D0    __divuchar_rrx_hds
     09D7    __moduchar_rrx_s
     09D7    __moduschar_rrx_s
     09DE    __moduchar_rrx_hds
     09E3    __divuint_rrx_s
     09EF    __divuint_rrx_hds
     09F7    __moduint_rrx_s
     0A03    __moduint_rrx_hds
     0A09    .div8
     0A09    .mod8
     0A11    .div16
     0A11    .mod16
     0A43    .divu8
     0A43    .modu8
     0A46    .divu16
     0A46    .modu16

Hexadecimal

Area                               Addr   Size   Decimal Bytes (Attributes)
--------------------------------   ----   ----   ------- ----- ------------
_HEADER                            0000   01E3 =    483. bytes (ABS,CON)

      Value  Global
   --------  --------------------------------
     01DF    _exit

Hexadecimal

Area                               Addr   Size   Decimal Bytes (Attributes)
--------------------------------   ----   ----   ------- ----- ------------
_BASE                              0A89   0211 =    529. bytes (REL,CON)

      Value  Global
   --------  --------------------------------
     0A89    _set_bkg_palette
     0AB4    _set_sprite_palette
     0ADF    .set_sprite_prop
     0AEC    _set_sprite_prop
     0AF7    .mv_sprite
     0B06    _move_sprite
     0B13    .copy_vram
     0B22    _get_data
     0B22    _set_data
     0B35    .padup
     0B35    _waitpadup
     0B45    .jpad
     0B72    .wait_pad
     0B79    _joypad
     0B7E    _waitpad
     0B88    .set_sprite_tile
     0B95    _set_sprite_tile
     0BA0    _set_bkg_data
     0BA0    _set_win_data
     0BED    _set_sprite_data
     0C1C    _set_bkg_tiles
     0C30    .set_xy_wtt
     0C41    .set_xy_btt
     0C50    .set_xy_tt
     0C81    _set_tiles



Hexadecimal

Area                               Addr   Size   Decimal Bytes (Attributes)
--------------------------------   ----   ----   ------- ----- ------------
_GSINIT                            4000   015D =    349. bytes (REL,CON)

      Value  Global
   --------  --------------------------------
     4000    gsinit



Hexadecimal

Area                               Addr   Size   Decimal Bytes (Attributes)
--------------------------------   ----   ----   ------- ----- ------------
_DATA                              C0A0   03B7 =    951. bytes (REL,CON)

      Value  Global
   --------  --------------------------------
     C0A0    _metatiles
     C0AC    _map_room
     C0FC    _TIMER_MOVE
     C0FD    _GLOBAL_TIMER
     C101    _seed
     C103    _is_taken
     C203    _link_map
     C303    _CHAR_X
     C304    _CHAR_Y
     C305    _CHAR_LAST_ANIM
     C306    _CHAR_FRAME
     C307    _character_tiles
     C407    _area_tiles

Hexadecimal

Area                               Addr   Size   Decimal Bytes (Attributes)
--------------------------------   ----   ----   ------- ----- ------------
_BSS                               C457   005A =     90. bytes (REL,CON)

      Value  Global
   --------  --------------------------------
     C457    __cpu
     C458    .mode
     C459    __io_out
     C45A    __io_in
     C45B    __io_status
     C45C    .vbl_done
     C45F    .sys_time
     C45F    _sys_time
     C461    .int_0x40
     C471    .int_0x48
     C481    .int_0x50
     C491    .int_0x58
     C4A1    .int_0x60

Hexadecimal

Area                               Addr   Size   Decimal Bytes (Attributes)
--------------------------------   ----   ----   ------- ----- ------------
_HEAP                              C4B1   0000 =      0. bytes (REL,CON)

      Value  Global
   --------  --------------------------------
     C4B1    _malloc_heap_start



MODULES
	FILE D:\devlog\GBDK-3.0/lib/crt0.o
		NAME Runtime
	FILE obj/map.o
		NAME map
	FILE obj/room_map.o
		NAME room_map
	FILE obj/main.o
		NAME main
	FILE obj/room.o
		NAME room
LIBRARIES
	LIBRARY D:\devlog\GBDK-3.0/lib/gbdk.lib
		MODULE cgb.o
	LIBRARY D:\devlog\SDCC-2.9/device/lib/build/gbz80/gbz80.lib
		MODULE crt0_rle
	LIBRARY D:\devlog\GBDK-3.0/lib/gbdk.lib
		MODULE set_prop.o
	LIBRARY D:\devlog\GBDK-3.0/lib/gbdk.lib
		MODULE mv_spr.o
	LIBRARY D:\devlog\SDCC-2.9/device/lib/build/gbz80/gbz80.lib
		MODULE div
	LIBRARY D:\devlog\GBDK-3.0/lib/gbdk.lib
		MODULE cpy_data.o
	LIBRARY D:\devlog\GBDK-3.0/lib/gbdk.lib
		MODULE pad.o
	LIBRARY D:\devlog\GBDK-3.0/lib/gbdk.lib
		MODULE set_spr.o
	LIBRARY D:\devlog\GBDK-3.0/lib/gbdk.lib
		MODULE set_data.o
	LIBRARY D:\devlog\GBDK-3.0/lib/gbdk.lib
		MODULE set_bk_t.o
	LIBRARY D:\devlog\GBDK-3.0/lib/gbdk.lib
		MODULE set_xy_t.o
USERBASEDEF
	_CODE=0x200
	_DATA=0xc0a0
	_CODE_1=0x4000
	_CODE_2=0x4000
	_CODE_3=0x4000
USERGLOBALDEF
	.OAM=0xC000
	.STACK=0xE000
	.refresh_OAM=0xFF80
	.init=0x0000
